### 文件系统

virtrualenv file system 虚拟文件系统,不同的文件系统使用的文件系统也不相同，VFS文件可以向下兼容其他系统。

###### 1、windows 98 平台之前

​		FAT

​		FAT16

​		FAT32

###### 2、windows 2000之后

​		NTFS

###### 3、linux文件系统  

​		EXT2

​		EXT3  Centos5

​		EXT4  Centos6

​		XFS    Centos7

###### 4、网络共享文件系统

​		NFS	network file system

​		smb	server message block 服务消息块

###### 5、集群文件系统

​		GFS	google file system	是google公司为了存储海量的数据而开发的文件系统

​		OCFS oracle cluster file system	是oracle公司为数据库研发平台而定制的文件系统

###### 6、分布式文件系统

​		ceph	为了存储的可靠性和扩展性的分布式文件系统

###### 7、交换文件系统

​		swap

ext3,ext4 xfs的区别主要在于是否是日志文件系统

mkfs 针对磁盘分区进行格式化

​	默认读取/etc/fstab,开机挂载的文件

查看文件系统属性

对于CentOS7 之前的文件系统，使用dumpe2fs命令，打印文件系统的块组信息，适用于ext2,ext3,ext4文件系统

```
[root@ytchen5 ~]# dumpe2fs -h /dev/vda1 | egrep -i "inode size|block size"
dumpe2fs 1.39 (29-May-2006)
Block size:               1024
Inode size:		  128
[root@ytchen5 ~]# dumpe2fs -h /dev/vda1
dumpe2fs 1.39 (29-May-2006)
Filesystem volume name:   /boot
Last mounted on:          <not available>
Filesystem UUID:          c4307c07-7131-47fe-8a14-7bf05b26d956
Filesystem magic number:  0xEF53
Filesystem revision #:    1 (dynamic)
Filesystem features:      has_journal ext_attr resize_inode dir_index filetype needs_recovery sparse_super
Default mount options:    user_xattr acl
Filesystem state:         clean
Errors behavior:          Continue
Filesystem OS type:       Linux
Inode count:              26104
Block count:              104388
Reserved block count:     5219
Free blocks:              88240
Free inodes:              26070
First block:              1
Block size:               1024
Fragment size:            1024
Reserved GDT blocks:      256
Blocks per group:         8192
Fragments per group:      8192
Inodes per group:         2008
Inode blocks per group:   251
Filesystem created:       Sun Feb 28 09:46:37 2021
Last mount time:          Tue Jun 15 21:45:16 2021
Last write time:          Tue Jun 15 21:45:16 2021
Mount count:              10
Maximum mount count:      -1
Last checked:             Sun Feb 28 09:46:37 2021
Check interval:           0 (<none>)
Reserved blocks uid:      0 (user root)
Reserved blocks gid:      0 (group root)
First inode:              11
Inode size:		  128
Journal inode:            8
Default directory hash:   tea
Directory Hash Seed:      c6d01632-134d-4907-a06e-eab77d4c7194
Journal backup:           inode blocks
Journal size:             4114k

[root@ytchen5 ~]# 

```

对于CentOS7以后的系统而言，默认用的是xfs文件系统，使用xfs_info打印系统信息

```
[root@vm1 sda1]# xfs_info /dev/sda1
meta-data=/dev/sda1              isize=512    agcount=4, agsize=327616 blks
         =                       sectsz=512   attr=2, projid32bit=1
         =                       crc=1        finobt=0 spinodes=0
data     =                       bsize=4096   blocks=1310464, imaxpct=25
         =                       sunit=0      swidth=0 blks
naming   =version 2              bsize=4096   ascii-ci=0 ftype=1
log      =internal               bsize=4096   blocks=2560, version=2
         =                       sectsz=512   sunit=0 blks, lazy-count=1
realtime =none                   extsz=4096   blocks=0, rtextents=0
[root@vm1 sda1]# 

```

tune2fs命令

设置linux是否开机自动检测文件系统是否正常

lsblk命令

列出所有设备及文件系统信息 lsblk -f 列出当前文件系统类型

```
[root@vm1 sda1]# lsblk  -f
NAME            FSTYPE      LABEL UUID                                   MOUNTPOINT
sda                                                                      
└─sda1          xfs               376518d0-7d45-4572-ae49-a9403a798c56   /mnt/sda1
sr0                                                                      
vda                                                                      
├─vda1          xfs               87e19221-befb-4ba1-bf4a-d4c8ba4adf58   /boot
└─vda2          LVM2_member       fS5ewq-uHWL-xktG-ctA8-98p0-czbZ-PqNwIn 
  ├─centos-root xfs               4c43e179-4043-4cb6-94ae-e97c7088dd60   /
  └─centos-swap swap              07a0a28a-a7b7-4f47-8c47-616bd5b97f62   [SWAP]
[root@vm1 sda1]# 

```







